<dataset>
    <USERS usr_name="Joe" usr_hash="123"/>
    <USERS user_name="L" usr_hash="321"/>
</dataset>